// Jest Snapshot v1, https://goo.gl/fbAQLP

exports[`Pruebas en <TodoAdd /> debe de mostrarse correctamente 1`] = `
<Fragment>
  <h3>
    Agregar TODO
  </h3>
  <hr />
  <form
    onSubmit={[Function]}
  >
    <input
      autoComplete="off"
      className="form-control"
      name="inputValue"
      onChange={[Function]}
      placeholder="Aprender..."
      type="text"
      value=""
    />
    <button
      className="btn btn-outline-primary btn-block my-1"
      type="submit"
    >
      Agregar
    </button>
  </form>
</Fragment>
`;
