// Jest Snapshot v1, https://goo.gl/fbAQLP

exports[`Pruebas en <MultipleCustomHooks /> debe de mostrarse correctamente 1`] = `
<div>
  <h1>
    Multiple Custom Hooks
  </h1>
  <h3>
    Breaking Bad Quotes
  </h3>
  <hr />
  <div
    className="alert alert-info"
  >
    <p>
      Loading....
    </p>
  </div>
  <button
    className="btn btn-primary btn-block"
    onClick={[Function]}
    type="button"
  >
    Siguiente frase
  </button>
  <button
    className="btn btn-warning btn-block mt-3"
    onClick={[Function]}
    type="button"
  >
    Anterior frase
  </button>
</div>
`;
