// Jest Snapshot v1, https://goo.gl/fbAQLP

exports[`Pruebas en <RealExampleRef /> debe mostrarse correctamente 1`] = `
<div>
  <h1>
    Hook useRef
  </h1>
  <h3>
    Ejemplo real
  </h3>
  <hr />
  <button
    className="btn btn-outline-danger btn-block my-5"
    onClick={[Function]}
    type="button"
  >
    Mostrar
  </button>
</div>
`;
