// Jest Snapshot v1, https://goo.gl/fbAQLP

exports[`Pruebas en <AppRouter /> debe de mostrarse correctamente 1`] = `
<div>
  <nav
    className="navbar navbar-expand-lg navbar-dark bg-dark"
  >
    <a
      className="navbar-brand"
      href="/"
      onClick={[Function]}
    >
      useContext app
    </a>
    <div
      className="collapse navbar-collapse"
      id="navbarNavAltMarkup"
    >
      <div
        className="navbar-nav"
      >
        <a
          aria-current={null}
          className="nav-link"
          href="/home"
          onClick={[Function]}
        >
          Home
        </a>
        <a
          aria-current={null}
          className="nav-link"
          href="/about"
          onClick={[Function]}
        >
          About
        </a>
        <a
          aria-current={null}
          className="nav-link"
          href="/login"
          onClick={[Function]}
        >
          Login
        </a>
      </div>
    </div>
  </nav>
  <div>
    <h1>
      Home
    </h1>
    <hr />
    <pre
      className="container"
    >
      {
   "id": 1,
   "name": "Fernando"
}
    </pre>
  </div>
</div>
`;
